Serial number: 4
Product Name: MouseGamer
Price: 120.00

Serial number: 2
Product Name: Lapiseira
Price: 5.00

Serial number: 2
Product Name: Lapiseira
Price: 5.00

Serial number: 4
Product Name: MouseGamer
Price: 120.00

Serial number: 3
Product Name: BolaDeFutebol
Price: 89.90

Serial number: 1
Product Name: Playstation5
Price: 4999.99

Serial number: 3
Product Name: BolaDeFutebol
Price: 89.90

List = (3, 4, 2, 1, 5)
Total Cost: 22
