Product 99 not found!

Product 6 not found!

Serial number: 4
Product Name: MouseGamer
Price: 120.00

Serial number: 2
Product Name: Lapiseira
Price: 5.00

Product 100 not found!

Serial number: 6
Product Name: Chupeta
Price: 31.47

Serial number: 1
Product Name: Playstation5
Price: 4999.99

Serial number: 3
Product Name: BolaDeFutebol
Price: 89.90

Serial number: 1
Product Name: Playstation5
Price: 4999.99

Serial number: 7
Product Name: Game_Fifa_2021
Price: 249.99

List = (1, 7, 3, 6, 2, 4, 5)
Total Cost: 31
